Microsoft Windows [Version 10.0.22631.2715]
(c) Microsoft Corporation. All rights reserved.

C:\Users\Sayali\Downloads>ssh cc@129.114.109.197
ssh: connect to host 129.114.109.197 port 22: Connection timed out

C:\Users\Sayali\Downloads>ssh cc@129.114.109.250
The authenticity of host '129.114.109.250 (129.114.109.250)' can't be established.
ED25519 key fingerprint is SHA256:IoKj7QVtyJEFdShK72687hX3kQw8jfc2ZoYOGaUQwSM.
This key is not known by any other names
Are you sure you want to continue connecting (yes/no/[fingerprint])? yes
Warning: Permanently added '129.114.109.250' (ED25519) to the list of known hosts.
cc@129.114.109.250: Permission denied (publickey).

C:\Users\Sayali\Downloads>ssh cc@129.114.109.250 -i "key11.ppk"
Welcome to Ubuntu 22.04.2 LTS (GNU/Linux 5.15.0-60-generic x86_64)

 * Documentation:  https://help.ubuntu.com
 * Management:     https://landscape.canonical.com
 * Support:        https://ubuntu.com/advantage

  System information as of Tue Nov 21 20:22:17 UTC 2023

  System load:  3.59814453125      Temperature:           40.0 C
  Usage of /:   2.0% of 209.03GB   Processes:             572
  Memory usage: 0%                 Users logged in:       0
  Swap usage:   0%                 IPv4 address for eno1: 10.52.3.31


Expanded Security Maintenance for Applications is not enabled.

0 updates can be applied immediately.

Enable ESM Apps to receive additional future security updates.
See https://ubuntu.com/esm or run: sudo pro status


The list of available updates is more than a week old.
To check for new updates run: sudo apt update

Last login: Tue Nov 21 20:22:17 2023
cc@sb-vb:~$ sudo su -
root@sb-vb:~# echo " sayali macha de"
 sayali macha de
root@sb-vb:~# apt-get update
Hit:1 http://nova.clouds.archive.ubuntu.com/ubuntu jammy InRelease
Get:2 http://nova.clouds.archive.ubuntu.com/ubuntu jammy-updates InRelease [119 kB]
Get:3 http://security.ubuntu.com/ubuntu jammy-security InRelease [110 kB]
Get:4 http://nova.clouds.archive.ubuntu.com/ubuntu jammy-backports InRelease [109 kB]
Get:5 http://nova.clouds.archive.ubuntu.com/ubuntu jammy-updates/main amd64 Packages [1194 kB]
Get:6 http://nova.clouds.archive.ubuntu.com/ubuntu jammy-updates/main amd64 c-n-f Metadata [16.1 kB]
Get:7 http://nova.clouds.archive.ubuntu.com/ubuntu jammy-updates/restricted amd64 Packages [1159 kB]
Get:8 http://nova.clouds.archive.ubuntu.com/ubuntu jammy-updates/restricted amd64 c-n-f Metadata [520 B]
Get:9 http://nova.clouds.archive.ubuntu.com/ubuntu jammy-updates/universe amd64 Packages [1000 kB]
Get:10 http://nova.clouds.archive.ubuntu.com/ubuntu jammy-updates/universe amd64 c-n-f Metadata [22.1 kB]
Get:11 http://nova.clouds.archive.ubuntu.com/ubuntu jammy-updates/multiverse amd64 Packages [41.6 kB]
Get:12 http://nova.clouds.archive.ubuntu.com/ubuntu jammy-updates/multiverse amd64 c-n-f Metadata [472 B]
Get:13 http://nova.clouds.archive.ubuntu.com/ubuntu jammy-backports/main amd64 Packages [64.2 kB]
Get:14 http://security.ubuntu.com/ubuntu jammy-security/main amd64 Packages [983 kB]
Get:15 http://nova.clouds.archive.ubuntu.com/ubuntu jammy-backports/main amd64 c-n-f Metadata [388 B]
Get:16 http://nova.clouds.archive.ubuntu.com/ubuntu jammy-backports/universe amd64 Packages [27.8 kB]
Get:17 http://nova.clouds.archive.ubuntu.com/ubuntu jammy-backports/universe amd64 c-n-f Metadata [644 B]
Get:18 http://security.ubuntu.com/ubuntu jammy-security/main amd64 c-n-f Metadata [11.4 kB]
Get:19 http://security.ubuntu.com/ubuntu jammy-security/restricted amd64 Packages [1134 kB]
Get:20 http://security.ubuntu.com/ubuntu jammy-security/restricted amd64 c-n-f Metadata [520 B]
Get:21 http://security.ubuntu.com/ubuntu jammy-security/universe amd64 Packages [797 kB]
Get:22 http://security.ubuntu.com/ubuntu jammy-security/universe amd64 c-n-f Metadata [16.8 kB]
Get:23 http://security.ubuntu.com/ubuntu jammy-security/multiverse amd64 Packages [36.5 kB]
Get:24 http://security.ubuntu.com/ubuntu jammy-security/multiverse amd64 c-n-f Metadata [260 B]
Fetched 6844 kB in 2s (3607 kB/s)
Reading package lists... Done
root@sb-vb:~# swapoff -a
root@sb-vb:~# vi /etc/fstab
root@sb-vb:~# vi /etc/hostname
root@sb-vb:~# ifconfig
Command 'ifconfig' not found, but can be installed with:
apt install net-tools
root@sb-vb:~# apt install net-tools
Reading package lists... Done
Building dependency tree... Done
Reading state information... Done
The following NEW packages will be installed:
  net-tools
0 upgraded, 1 newly installed, 0 to remove and 213 not upgraded.Need to get 204 kB of archives.
After this operation, 819 kB of additional disk space will be used.
Get:1 http://nova.clouds.archive.ubuntu.com/ubuntu jammy/main amd64 net-tools amd64 1.60+git20181103.0eebece-1ubuntu5 [204 kB]
Fetched 204 kB in 0s (706 kB/s)
Selecting previously unselected package net-tools.
(Reading database ... 102668 files and directories currently installed.)
Preparing to unpack .../net-tools_1.60+git20181103.0eebece-1ubuntu5_amd64.deb ...
Unpacking net-tools (1.60+git20181103.0eebece-1ubuntu5) ...
Setting up net-tools (1.60+git20181103.0eebece-1ubuntu5) ...
Processing triggers for man-db (2.10.2-1) ...
Scanning processes...
Scanning processor microcode...
Scanning linux images...

Running kernel seems to be up-to-date.

The processor microcode seems to be up-to-date.

No services need to be restarted.

No containers need to be restarted.

No user sessions are running outdated binaries.

No VM guests are running outdated hypervisor (qemu) binaries on
 this host.
root@sb-vb:~#
root@sb-vb:~#
root@sb-vb:~# ifconfig
eno1: flags=4163<UP,BROADCAST,RUNNING,MULTICAST>  mtu 1500
        inet 10.52.3.31  netmask 255.255.252.0  broadcast 10.52.3.255
        inet6 fe80::266e:96ff:fe62:90b6  prefixlen 64  scopeid 0x20<link>
        ether 24:6e:96:62:90:b6  txqueuelen 1000  (Ethernet)
        RX packets 6695  bytes 7952758 (7.9 MB)
        RX errors 0  dropped 0  overruns 0  frame 0
        TX packets 2847  bytes 305880 (305.8 KB)
        TX errors 0  dropped 0 overruns 0  carrier 0  collisions 0

eno2: flags=4099<UP,BROADCAST,MULTICAST>  mtu 1500
        ether 24:6e:96:62:90:b8  txqueuelen 1000  (Ethernet)
        RX packets 0  bytes 0 (0.0 B)
        RX errors 0  dropped 0  overruns 0  frame 0
        TX packets 0  bytes 0 (0.0 B)
        TX errors 0  dropped 0 overruns 0  carrier 0  collisions 0

eno3: flags=4099<UP,BROADCAST,MULTICAST>  mtu 1500
        ether 24:6e:96:62:90:d6  txqueuelen 1000  (Ethernet)
        RX packets 0  bytes 0 (0.0 B)
        RX errors 0  dropped 0  overruns 0  frame 0
        TX packets 0  bytes 0 (0.0 B)
        TX errors 0  dropped 0 overruns 0  carrier 0  collisions 0
        device memory 0x92a00000-92afffff

eno4: flags=4099<UP,BROADCAST,MULTICAST>  mtu 1500
        ether 24:6e:96:62:90:d7  txqueuelen 1000  (Ethernet)
        RX packets 0  bytes 0 (0.0 B)
        RX errors 0  dropped 0  overruns 0  frame 0
        TX packets 0  bytes 0 (0.0 B)
        TX errors 0  dropped 0 overruns 0  carrier 0  collisions 0
        device memory 0x92900000-929fffff

lo: flags=73<UP,LOOPBACK,RUNNING>  mtu 65536
        inet 127.0.0.1  netmask 255.0.0.0
        inet6 ::1  prefixlen 128  scopeid 0x10<host>
        loop  txqueuelen 1000  (Local Loopback)
        RX packets 224  bytes 36757 (36.7 KB)
        RX errors 0  dropped 0  overruns 0  frame 0
        TX packets 224  bytes 36757 (36.7 KB)
        TX errors 0  dropped 0 overruns 0  carrier 0  collisions 0

root@sb-vb:~# ip addr show
1: lo: <LOOPBACK,UP,LOWER_UP> mtu 65536 qdisc noqueue state UNKNOWN group default qlen 1000
    link/loopback 00:00:00:00:00:00 brd 00:00:00:00:00:00
    inet 127.0.0.1/8 scope host lo
       valid_lft forever preferred_lft forever
    inet6 ::1/128 scope host
       valid_lft forever preferred_lft forever
2: eno1: <BROADCAST,MULTICAST,UP,LOWER_UP> mtu 1500 qdisc mq state UP group default qlen 1000
    link/ether 24:6e:96:62:90:b6 brd ff:ff:ff:ff:ff:ff
    altname enp24s0f0
    inet 10.52.3.31/22 brd 10.52.3.255 scope global dynamic eno1       valid_lft 85964sec preferred_lft 85964sec
    inet6 fe80::266e:96ff:fe62:90b6/64 scope link
       valid_lft forever preferred_lft forever
3: eno2: <NO-CARRIER,BROADCAST,MULTICAST,UP> mtu 1500 qdisc mq state DOWN group default qlen 1000
    link/ether 24:6e:96:62:90:b8 brd ff:ff:ff:ff:ff:ff
    altname enp24s0f1
4: eno3: <NO-CARRIER,BROADCAST,MULTICAST,UP> mtu 1500 qdisc mq state DOWN group default qlen 1000
    link/ether 24:6e:96:62:90:d6 brd ff:ff:ff:ff:ff:ff
    altname enp1s0f0
5: eno4: <NO-CARRIER,BROADCAST,MULTICAST,UP> mtu 1500 qdisc mq state DOWN group default qlen 1000
    link/ether 24:6e:96:62:90:d7 brd ff:ff:ff:ff:ff:ff
    altname enp1s0f1
root@sb-vb:~# sudo tee /etc/modules-load.d/containerd.conf <<EOF
overlay
br_netfilter
EOF
sudo modprobe overlay
sudo modprobe br_netfilter
overlay
br_netfilter
root@sb-vb:~# sudo tee /etc/sysctl.d/kubernetes.conf <<EOF
net.bridge.bridge-nf-call-ip6tables = 1
net.bridge.bridge-nf-call-iptables = 1
net.ipv4.ip_forward = 1
EOF
net.bridge.bridge-nf-call-ip6tables = 1
net.bridge.bridge-nf-call-iptables = 1
net.ipv4.ip_forward = 1
root@sb-vb:~# sudo sysctl --system
* Applying /etc/sysctl.d/10-console-messages.conf ...
kernel.printk = 4 4 1 7
* Applying /etc/sysctl.d/10-ipv6-privacy.conf ...
net.ipv6.conf.all.use_tempaddr = 2
net.ipv6.conf.default.use_tempaddr = 2
* Applying /etc/sysctl.d/10-kernel-hardening.conf ...
kernel.kptr_restrict = 1
* Applying /etc/sysctl.d/10-magic-sysrq.conf ...
kernel.sysrq = 176
* Applying /etc/sysctl.d/10-network-security.conf ...
net.ipv4.conf.default.rp_filter = 2
net.ipv4.conf.all.rp_filter = 2
* Applying /etc/sysctl.d/10-ptrace.conf ...
kernel.yama.ptrace_scope = 1
* Applying /etc/sysctl.d/10-zeropage.conf ...
vm.mmap_min_addr = 65536
* Applying /usr/lib/sysctl.d/50-default.conf ...
kernel.core_uses_pid = 1
net.ipv4.conf.default.rp_filter = 2
net.ipv4.conf.default.accept_source_route = 0
sysctl: setting key "net.ipv4.conf.all.accept_source_route": Invalid argument
net.ipv4.conf.default.promote_secondaries = 1
sysctl: setting key "net.ipv4.conf.all.promote_secondaries": Invalid argument
net.ipv4.ping_group_range = 0 2147483647
net.core.default_qdisc = fq_codel
fs.protected_hardlinks = 1
fs.protected_symlinks = 1
fs.protected_regular = 1
fs.protected_fifos = 1
* Applying /usr/lib/sysctl.d/50-pid-max.conf ...
kernel.pid_max = 4194304
* Applying /etc/sysctl.d/99-cloudimg-ipv6.conf ...
net.ipv6.conf.all.use_tempaddr = 0
net.ipv6.conf.default.use_tempaddr = 0
* Applying /usr/lib/sysctl.d/99-protect-links.conf ...
fs.protected_fifos = 1
fs.protected_hardlinks = 1
fs.protected_regular = 2
fs.protected_symlinks = 1
* Applying /etc/sysctl.d/99-sysctl.conf ...
* Applying /etc/sysctl.d/kubernetes.conf ...
net.bridge.bridge-nf-call-ip6tables = 1
net.bridge.bridge-nf-call-iptables = 1
net.ipv4.ip_forward = 1
* Applying /etc/sysctl.conf ...
root@sb-vb:~# sudo apt install -y curl gnupg2 software-properties-common apt-transport-https ca-certificates
Reading package lists... Done
Building dependency tree... Done
Reading state information... Done
The following additional packages will be installed:
  libcurl4 python3-software-properties
The following NEW packages will be installed:
  gnupg2
The following packages will be upgraded:
  apt-transport-https ca-certificates curl libcurl4
  python3-software-properties software-properties-common
6 upgraded, 1 newly installed, 0 to remove and 207 not upgraded.Need to get 690 kB of archives.
After this operation, 80.9 kB of additional disk space will be used.
Get:1 http://nova.clouds.archive.ubuntu.com/ubuntu jammy-updates/main amd64 ca-certificates all 20230311ubuntu0.22.04.1 [155 kB]Get:2 http://nova.clouds.archive.ubuntu.com/ubuntu jammy-updates/universe amd64 apt-transport-https all 2.4.11 [1510 B]
Get:3 http://nova.clouds.archive.ubuntu.com/ubuntu jammy-updates/main amd64 curl amd64 7.81.0-1ubuntu1.14 [194 kB]
Get:4 http://nova.clouds.archive.ubuntu.com/ubuntu jammy-updates/main amd64 libcurl4 amd64 7.81.0-1ubuntu1.14 [290 kB]
Get:5 http://nova.clouds.archive.ubuntu.com/ubuntu jammy-updates/main amd64 software-properties-common all 0.99.22.7 [14.1 kB]
Get:6 http://nova.clouds.archive.ubuntu.com/ubuntu jammy-updates/main amd64 python3-software-properties all 0.99.22.7 [28.8 kB]
Get:7 http://nova.clouds.archive.ubuntu.com/ubuntu jammy-updates/universe amd64 gnupg2 all 2.2.27-3ubuntu2.1 [5548 B]
Fetched 690 kB in 0s (1664 kB/s)
Preconfiguring packages ...
(Reading database ... 102717 files and directories currently installed.)
Preparing to unpack .../0-ca-certificates_20230311ubuntu0.22.04.1_all.deb ...
Unpacking ca-certificates (20230311ubuntu0.22.04.1) over (20211016ubuntu0.22.04.1) ...
Preparing to unpack .../1-apt-transport-https_2.4.11_all.deb ...Unpacking apt-transport-https (2.4.11) over (2.4.8) ...
Preparing to unpack .../2-curl_7.81.0-1ubuntu1.14_amd64.deb ...
Unpacking curl (7.81.0-1ubuntu1.14) over (7.81.0-1ubuntu1.8) ...Preparing to unpack .../3-libcurl4_7.81.0-1ubuntu1.14_amd64.deb ...
Unpacking libcurl4:amd64 (7.81.0-1ubuntu1.14) over (7.81.0-1ubuntu1.8) ...
Preparing to unpack .../4-software-properties-common_0.99.22.7_all.deb ...
Unpacking software-properties-common (0.99.22.7) over (0.99.22.5) ...
Preparing to unpack .../5-python3-software-properties_0.99.22.7_all.deb ...
Unpacking python3-software-properties (0.99.22.7) over (0.99.22.5) ...
Selecting previously unselected package gnupg2.
Preparing to unpack .../6-gnupg2_2.2.27-3ubuntu2.1_all.deb ...
Unpacking gnupg2 (2.2.27-3ubuntu2.1) ...
Setting up gnupg2 (2.2.27-3ubuntu2.1) ...
Setting up apt-transport-https (2.4.11) ...
Setting up ca-certificates (20230311ubuntu0.22.04.1) ...
Updating certificates in /etc/ssl/certs...
rehash: warning: skipping ca-certificates.crt,it does not contain exactly one certificate or CRL
19 added, 6 removed; done.
Setting up python3-software-properties (0.99.22.7) ...
Setting up libcurl4:amd64 (7.81.0-1ubuntu1.14) ...
Setting up curl (7.81.0-1ubuntu1.14) ...
Setting up software-properties-common (0.99.22.7) ...
Processing triggers for libc-bin (2.35-0ubuntu3.1) ...
Processing triggers for man-db (2.10.2-1) ...
Processing triggers for dbus (1.12.20-2ubuntu4.1) ...
Processing triggers for ca-certificates (20230311ubuntu0.22.04.1) ...
Updating certificates in /etc/ssl/certs...
0 added, 0 removed; done.
Running hooks in /etc/ca-certificates/update.d...
done.
Scanning processes...
Scanning candidates...
Scanning processor microcode...
Scanning linux images...

Running kernel seems to be up-to-date.

The processor microcode seems to be up-to-date.

No services need to be restarted.

No containers need to be restarted.

No user sessions are running outdated binaries.

No VM guests are running outdated hypervisor (qemu) binaries on
 this host.
root@sb-vb:~# sudo curl -fsSL https://download.docker.com/linux/ubuntu/gpg | sudo gpg --dearmour -o /etc/apt/trusted.gpg.d/docker.gpg
root@sb-vb:~# sudo add-apt-repository "deb [arch=amd64] https://download.docker.com/linux/ubuntu $(lsb_release -cs) stable"
Repository: 'deb [arch=amd64] https://download.docker.com/linux/ubuntu jammy stable'
Description:
Archive for codename: jammy components: stable
More info: https://download.docker.com/linux/ubuntu
Adding repository.
Press [ENTER] to continue or Ctrl-c to cancel.
Adding deb entry to /etc/apt/sources.list.d/archive_uri-https_download_docker_com_linux_ubuntu-jammy.list
Adding disabled deb-src entry to /etc/apt/sources.list.d/archive_uri-https_download_docker_com_linux_ubuntu-jammy.list
Hit:1 http://nova.clouds.archive.ubuntu.com/ubuntu jammy InRelease
Get:2 https://download.docker.com/linux/ubuntu jammy InRelease [48.8 kB]
Get:3 http://nova.clouds.archive.ubuntu.com/ubuntu jammy-updates InRelease [119 kB]
Hit:4 http://security.ubuntu.com/ubuntu jammy-security InReleaseHit:5 http://nova.clouds.archive.ubuntu.com/ubuntu jammy-backports InRelease
Get:6 https://download.docker.com/linux/ubuntu jammy/stable amd64 Packages [22.9 kB]
Fetched 190 kB in 1s (164 kB/s)
Reading package lists... Done
root@sb-vb:~# sudo apt update
sudo apt install -y containerd.io
Hit:1 https://download.docker.com/linux/ubuntu jammy InRelease
Hit:2 http://security.ubuntu.com/ubuntu jammy-security InReleaseHit:3 http://nova.clouds.archive.ubuntu.com/ubuntu jammy InRelease
Hit:4 http://nova.clouds.archive.ubuntu.com/ubuntu jammy-updates InRelease
Hit:5 http://nova.clouds.archive.ubuntu.com/ubuntu jammy-backports InRelease
Reading package lists... Done
Building dependency tree... Done
Reading state information... Done
207 packages can be upgraded. Run 'apt list --upgradable' to see them.
Reading package lists... Done
Building dependency tree... Done
Reading state information... Done
The following NEW packages will be installed:
  containerd.io
0 upgraded, 1 newly installed, 0 to remove and 207 not upgraded.Need to get 28.7 MB of archives.
After this operation, 117 MB of additional disk space will be used.
Get:1 https://download.docker.com/linux/ubuntu jammy/stable amd64 containerd.io amd64 1.6.25-1 [28.7 MB]
Fetched 28.7 MB in 1s (49.0 MB/s)
Selecting previously unselected package containerd.io.
(Reading database ... 102736 files and directories currently installed.)
Preparing to unpack .../containerd.io_1.6.25-1_amd64.deb ...
Unpacking containerd.io (1.6.25-1) ...
Setting up containerd.io (1.6.25-1) ...
Created symlink /etc/systemd/system/multi-user.target.wants/containerd.service → /lib/systemd/system/containerd.service.
Processing triggers for man-db (2.10.2-1) ...
Scanning processes...
Scanning candidates...
Scanning processor microcode...
Scanning linux images...

Running kernel seems to be up-to-date.

The processor microcode seems to be up-to-date.

No services need to be restarted.

No containers need to be restarted.

No user sessions are running outdated binaries.

No VM guests are running outdated hypervisor (qemu) binaries on
 this host.
root@sb-vb:~# containerd config default | sudo tee /etc/containerd/config.toml >/dev/null 2>&1
sudo sed -i 's/SystemdCgroup \= false/SystemdCgroup \= true/g' /etc/containerd/config.toml
root@sb-vb:~# sudo systemctl restart containerd
sudo systemctl enable containerd
root@sb-vb:~# curl -s https://packages.cloud.google.com/apt/doc/apt-key.gpg | sudo gpg --dearmour -o /etc/apt/trusted.gpg.d/kubernetes-xenial.gpg
sudo apt-add-repository "deb http://apt.kubernetes.io/ kubernetes-xenial main"
Repository: 'deb http://apt.kubernetes.io/ kubernetes-xenial main'
Description:
Archive for codename: kubernetes-xenial components: main
More info: http://apt.kubernetes.io/
Adding repository.
Press [ENTER] to continue or Ctrl-c to cancel.
Adding deb entry to /etc/apt/sources.list.d/archive_uri-http_apt_kubernetes_io_-jammy.list
Adding disabled deb-src entry to /etc/apt/sources.list.d/archive_uri-http_apt_kubernetes_io_-jammy.list
Hit:2 https://download.docker.com/linux/ubuntu jammy InRelease
Hit:3 http://security.ubuntu.com/ubuntu jammy-security InReleaseHit:4 http://nova.clouds.archive.ubuntu.com/ubuntu jammy InRelease
Hit:5 http://nova.clouds.archive.ubuntu.com/ubuntu jammy-updates InRelease
Hit:6 http://nova.clouds.archive.ubuntu.com/ubuntu jammy-backports InRelease
Get:1 https://packages.cloud.google.com/apt kubernetes-xenial InRelease [8993 B]
Get:7 https://packages.cloud.google.com/apt kubernetes-xenial/main amd64 Packages [69.9 kB]
Fetched 78.9 kB in 1s (55.4 kB/s)
Reading package lists... Done
root@sb-vb:~# sudo apt update
sudo apt install -y kubelet kubeadm kubectl
sudo apt-mark hold kubelet kubeadm kubectl
Hit:2 https://download.docker.com/linux/ubuntu jammy InRelease
Hit:3 http://nova.clouds.archive.ubuntu.com/ubuntu jammy InRelease
Hit:4 http://security.ubuntu.com/ubuntu jammy-security InReleaseHit:5 http://nova.clouds.archive.ubuntu.com/ubuntu jammy-updates InRelease
Hit:1 https://packages.cloud.google.com/apt kubernetes-xenial InRelease
Hit:6 http://nova.clouds.archive.ubuntu.com/ubuntu jammy-backports InRelease
Reading package lists... Done
Building dependency tree... Done
Reading state information... Done
207 packages can be upgraded. Run 'apt list --upgradable' to see them.
Reading package lists... Done
Building dependency tree... Done
Reading state information... Done
The following additional packages will be installed:
  conntrack cri-tools ebtables kubernetes-cni socat
The following NEW packages will be installed:
  conntrack cri-tools ebtables kubeadm kubectl kubelet
  kubernetes-cni socat
0 upgraded, 8 newly installed, 0 to remove and 207 not upgraded.Need to get 87.1 MB of archives.
After this operation, 336 MB of additional disk space will be used.
Get:1 http://nova.clouds.archive.ubuntu.com/ubuntu jammy/main amd64 conntrack amd64 1:1.4.6-2build2 [33.5 kB]
Get:3 http://nova.clouds.archive.ubuntu.com/ubuntu jammy/main amd64 ebtables amd64 2.0.11-4build2 [84.9 kB]
Get:2 https://packages.cloud.google.com/apt kubernetes-xenial/main amd64 cri-tools amd64 1.26.0-00 [18.9 MB]
Get:5 http://nova.clouds.archive.ubuntu.com/ubuntu jammy/main amd64 socat amd64 1.7.4.1-3ubuntu4 [349 kB]
Get:4 https://packages.cloud.google.com/apt kubernetes-xenial/main amd64 kubernetes-cni amd64 1.2.0-00 [27.6 MB]
Get:6 https://packages.cloud.google.com/apt kubernetes-xenial/main amd64 kubelet amd64 1.28.2-00 [19.5 MB]
Get:7 https://packages.cloud.google.com/apt kubernetes-xenial/main amd64 kubectl amd64 1.28.2-00 [10.3 MB]
Get:8 https://packages.cloud.google.com/apt kubernetes-xenial/main amd64 kubeadm amd64 1.28.2-00 [10.3 MB]
Fetched 87.1 MB in 6s (14.7 MB/s)
Selecting previously unselected package conntrack.
(Reading database ... 102752 files and directories currently installed.)
Preparing to unpack .../0-conntrack_1%3a1.4.6-2build2_amd64.deb
...
Unpacking conntrack (1:1.4.6-2build2) ...
Selecting previously unselected package cri-tools.
Preparing to unpack .../1-cri-tools_1.26.0-00_amd64.deb ...
Unpacking cri-tools (1.26.0-00) ...
Selecting previously unselected package ebtables.
Preparing to unpack .../2-ebtables_2.0.11-4build2_amd64.deb ...
Unpacking ebtables (2.0.11-4build2) ...
Selecting previously unselected package kubernetes-cni.
Preparing to unpack .../3-kubernetes-cni_1.2.0-00_amd64.deb ...
Unpacking kubernetes-cni (1.2.0-00) ...
Selecting previously unselected package socat.
Preparing to unpack .../4-socat_1.7.4.1-3ubuntu4_amd64.deb ...
Unpacking socat (1.7.4.1-3ubuntu4) ...
Selecting previously unselected package kubelet.
Preparing to unpack .../5-kubelet_1.28.2-00_amd64.deb ...
Unpacking kubelet (1.28.2-00) ...
Selecting previously unselected package kubectl.
Preparing to unpack .../6-kubectl_1.28.2-00_amd64.deb ...
Unpacking kubectl (1.28.2-00) ...
Selecting previously unselected package kubeadm.
Preparing to unpack .../7-kubeadm_1.28.2-00_amd64.deb ...
Unpacking kubeadm (1.28.2-00) ...
Setting up conntrack (1:1.4.6-2build2) ...
Setting up kubectl (1.28.2-00) ...
Setting up ebtables (2.0.11-4build2) ...
Setting up socat (1.7.4.1-3ubuntu4) ...
Setting up cri-tools (1.26.0-00) ...
Setting up kubernetes-cni (1.2.0-00) ...
Setting up kubelet (1.28.2-00) ...
Created symlink /etc/systemd/system/multi-user.target.wants/kubelet.service → /lib/systemd/system/kubelet.service.
Setting up kubeadm (1.28.2-00) ...
Processing triggers for man-db (2.10.2-1) ...
Scanning processes...
Scanning candidates...
Scanning processor microcode...
Scanning linux images...

Running kernel seems to be up-to-date.

The processor microcode seems to be up-to-date.

No services need to be restarted.

No containers need to be restarted.

No user sessions are running outdated binaries.

No VM guests are running outdated hypervisor (qemu) binaries on
 this host.
kubelet set on hold.
kubeadm set on hold.
kubectl set on hold.
root@sb-vb:~# sudo kubeadm init
[init] Using Kubernetes version: v1.28.4
[preflight] Running pre-flight checks
[preflight] Pulling images required for setting up a Kubernetes cluster
[preflight] This might take a minute or two, depending on the speed of your internet connection
[preflight] You can also perform this action in beforehand using 'kubeadm config images pull'
W1121 20:35:00.919123   13235 checks.go:835] detected that the sandbox image "registry.k8s.io/pause:3.6" of the container runtime is inconsistent with that used by kubeadm. It is recommended that using "registry.k8s.io/pause:3.9" as the CRI sandbox image.
[certs] Using certificateDir folder "/etc/kubernetes/pki"
[certs] Generating "ca" certificate and key
[certs] Generating "apiserver" certificate and key
[certs] apiserver serving cert is signed for DNS names [kubernetes kubernetes.default kubernetes.default.svc kubernetes.default.svc.cluster.local sb-vb] and IPs [10.96.0.1 10.52.3.31]
[certs] Generating "apiserver-kubelet-client" certificate and key
[certs] Generating "front-proxy-ca" certificate and key
[certs] Generating "front-proxy-client" certificate and key
[certs] Generating "etcd/ca" certificate and key
[certs] Generating "etcd/server" certificate and key
[certs] etcd/server serving cert is signed for DNS names [localhost sb-vb] and IPs [10.52.3.31 127.0.0.1 ::1]
[certs] Generating "etcd/peer" certificate and key
[certs] etcd/peer serving cert is signed for DNS names [localhost sb-vb] and IPs [10.52.3.31 127.0.0.1 ::1]
[certs] Generating "etcd/healthcheck-client" certificate and key[certs] Generating "apiserver-etcd-client" certificate and key
[certs] Generating "sa" key and public key
[kubeconfig] Using kubeconfig folder "/etc/kubernetes"
[kubeconfig] Writing "admin.conf" kubeconfig file
[kubeconfig] Writing "kubelet.conf" kubeconfig file
[kubeconfig] Writing "controller-manager.conf" kubeconfig file
[kubeconfig] Writing "scheduler.conf" kubeconfig file
[etcd] Creating static Pod manifest for local etcd in "/etc/kubernetes/manifests"
[control-plane] Using manifest folder "/etc/kubernetes/manifests"
[control-plane] Creating static Pod manifest for "kube-apiserver"
[control-plane] Creating static Pod manifest for "kube-controller-manager"
[control-plane] Creating static Pod manifest for "kube-scheduler"
[kubelet-start] Writing kubelet environment file with flags to file "/var/lib/kubelet/kubeadm-flags.env"
[kubelet-start] Writing kubelet configuration to file "/var/lib/kubelet/config.yaml"
[kubelet-start] Starting the kubelet
[wait-control-plane] Waiting for the kubelet to boot up the control plane as static Pods from directory "/etc/kubernetes/manifests". This can take up to 4m0s
[apiclient] All control plane components are healthy after 7.004698 seconds
[upload-config] Storing the configuration used in ConfigMap "kubeadm-config" in the "kube-system" Namespace
[kubelet] Creating a ConfigMap "kubelet-config" in namespace kube-system with the configuration for the kubelets in the cluster
[upload-certs] Skipping phase. Please see --upload-certs
[mark-control-plane] Marking the node sb-vb as control-plane by adding the labels: [node-role.kubernetes.io/control-plane node.kubernetes.io/exclude-from-external-load-balancers]
[mark-control-plane] Marking the node sb-vb as control-plane by adding the taints [node-role.kubernetes.io/control-plane:NoSchedule]
[bootstrap-token] Using token: 9w9ohp.y7wp5fwaffwxqvrq
[bootstrap-token] Configuring bootstrap tokens, cluster-info ConfigMap, RBAC Roles
[bootstrap-token] Configured RBAC rules to allow Node Bootstrap tokens to get nodes
[bootstrap-token] Configured RBAC rules to allow Node Bootstrap tokens to post CSRs in order for nodes to get long term certificate credentials
[bootstrap-token] Configured RBAC rules to allow the csrapprover controller automatically approve CSRs from a Node Bootstrap Token
[bootstrap-token] Configured RBAC rules to allow certificate rotation for all node client certificates in the cluster
[bootstrap-token] Creating the "cluster-info" ConfigMap in the "kube-public" namespace
[kubelet-finalize] Updating "/etc/kubernetes/kubelet.conf" to point to a rotatable kubelet client certificate and key
[addons] Applied essential addon: CoreDNS
[addons] Applied essential addon: kube-proxy

Your Kubernetes control-plane has initialized successfully!

To start using your cluster, you need to run the following as a regular user:

  mkdir -p $HOME/.kube
  sudo cp -i /etc/kubernetes/admin.conf $HOME/.kube/config
  sudo chown $(id -u):$(id -g) $HOME/.kube/config

Alternatively, if you are the root user, you can run:

  export KUBECONFIG=/etc/kubernetes/admin.conf

You should now deploy a pod network to the cluster.
Run "kubectl apply -f [podnetwork].yaml" with one of the options listed at:
  https://kubernetes.io/docs/concepts/cluster-administration/addons/

Then you can join any number of worker nodes by running the following on each as root:

kubeadm join 10.52.3.31:6443 --token 9w9ohp.y7wp5fwaffwxqvrq \
        --discovery-token-ca-cert-hash sha256:ee72fda6817e010dc602d735ce59a1c8ceb395f9bd7927e4e30ee220cf5004ce
root@sb-vb:~# ^C
root@sb-vb:~# mkdir -p $HOME/.kube
sudo cp -i /etc/kubernetes/admin.conf $HOME/.kube/config
sudo chown $(id -u):$(id -g) $HOME/.kube/config
root@sb-vb:~# kubectl get nodes
NAME    STATUS     ROLES           AGE   VERSION
sb-vb   NotReady   control-plane   75s   v1.28.2
root@sb-vb:~# kubectl apply -f https://raw.githubusercontent.com/projectcalico/calico/v3.25.0/manifests/calico.yaml
poddisruptionbudget.policy/calico-kube-controllers created
serviceaccount/calico-kube-controllers created
serviceaccount/calico-node created
configmap/calico-config created
customresourcedefinition.apiextensions.k8s.io/bgpconfigurations.crd.projectcalico.org created
customresourcedefinition.apiextensions.k8s.io/bgppeers.crd.projectcalico.org created
customresourcedefinition.apiextensions.k8s.io/blockaffinities.crd.projectcalico.org created
customresourcedefinition.apiextensions.k8s.io/caliconodestatuses.crd.projectcalico.org created
customresourcedefinition.apiextensions.k8s.io/clusterinformations.crd.projectcalico.org created
customresourcedefinition.apiextensions.k8s.io/felixconfigurations.crd.projectcalico.org created
customresourcedefinition.apiextensions.k8s.io/globalnetworkpolicies.crd.projectcalico.org created
customresourcedefinition.apiextensions.k8s.io/globalnetworksets.crd.projectcalico.org created
customresourcedefinition.apiextensions.k8s.io/hostendpoints.crd.projectcalico.org created
customresourcedefinition.apiextensions.k8s.io/ipamblocks.crd.projectcalico.org created
customresourcedefinition.apiextensions.k8s.io/ipamconfigs.crd.projectcalico.org created
customresourcedefinition.apiextensions.k8s.io/ipamhandles.crd.projectcalico.org created
customresourcedefinition.apiextensions.k8s.io/ippools.crd.projectcalico.org created
customresourcedefinition.apiextensions.k8s.io/ipreservations.crd.projectcalico.org created
customresourcedefinition.apiextensions.k8s.io/kubecontrollersconfigurations.crd.projectcalico.org created
customresourcedefinition.apiextensions.k8s.io/networkpolicies.crd.projectcalico.org created
customresourcedefinition.apiextensions.k8s.io/networksets.crd.projectcalico.org created
clusterrole.rbac.authorization.k8s.io/calico-kube-controllers created
clusterrole.rbac.authorization.k8s.io/calico-node created
clusterrolebinding.rbac.authorization.k8s.io/calico-kube-controllers created
clusterrolebinding.rbac.authorization.k8s.io/calico-node createddaemonset.apps/calico-node created
deployment.apps/calico-kube-controllers created
root@sb-vb:~# kubectl get pods -n kube-system
kubectl get nodes
NAME                                       READY   STATUS              RESTARTS   AGE
calico-kube-controllers-658d97c59c-kk5bd   0/1     ContainerCreating   0          11s
calico-node-9crt9                          0/1     Init:2/3            0          11s
coredns-5dd5756b68-dc896                   0/1     ContainerCreating   0          107s
coredns-5dd5756b68-hm2w9                   0/1     ContainerCreating   0          107s
etcd-sb-vb                                 1/1     Running             0          111s
kube-apiserver-sb-vb                       1/1     Running             0          114s
kube-controller-manager-sb-vb              1/1     Running             0          111s
kube-proxy-vb2gf                           1/1     Running             0          108s
kube-scheduler-sb-vb                       1/1     Running             0          111s
NAME    STATUS   ROLES           AGE    VERSION
sb-vb   Ready    control-plane   115s   v1.28.2
root@sb-vb:~# kubectl run nginx --image=nginx
pod/nginx created
root@sb-vb:~# kubectl get pods
NAME    READY   STATUS    RESTARTS   AGE
nginx   0/1     Pending   0          20s
root@sb-vb:~# kubectl get pods -owide
NAME    READY   STATUS    RESTARTS   AGE   IP       NODE     NOMINATED NODE   READINESS GATES
nginx   0/1     Pending   0          27s   <none>   <none>   <none>           <none>
root@sb-vb:~# ipaddr show
Command 'ipaddr' not found, did you mean:
  command 'ibaddr' from deb infiniband-diags (39.0-1)
  command 'ipmaddr' from deb net-tools (1.60+git20181103.0eebece-1ubuntu5)
Try: apt install <deb name>
root@sb-vb:~# ifconfig
cali131e0b726d6: flags=4163<UP,BROADCAST,RUNNING,MULTICAST>  mtu 1480
        inet6 fe80::ecee:eeff:feee:eeee  prefixlen 64  scopeid 0x20<link>
        ether ee:ee:ee:ee:ee:ee  txqueuelen 0  (Ethernet)
        RX packets 1259  bytes 119000 (119.0 KB)
        RX errors 0  dropped 1  overruns 0  frame 0
        TX packets 1314  bytes 132486 (132.4 KB)
        TX errors 0  dropped 0 overruns 0  carrier 0  collisions 0

cali2e026c82a2a: flags=4163<UP,BROADCAST,RUNNING,MULTICAST>  mtu 1480
        inet6 fe80::ecee:eeff:feee:eeee  prefixlen 64  scopeid 0x20<link>
        ether ee:ee:ee:ee:ee:ee  txqueuelen 0  (Ethernet)
        RX packets 665  bytes 60664 (60.6 KB)
        RX errors 0  dropped 1  overruns 0  frame 0
        TX packets 644  bytes 400154 (400.1 KB)
        TX errors 0  dropped 0 overruns 0  carrier 0  collisions 0

cali98358ec3900: flags=4163<UP,BROADCAST,RUNNING,MULTICAST>  mtu 1480
        inet6 fe80::ecee:eeff:feee:eeee  prefixlen 64  scopeid 0x20<link>
        ether ee:ee:ee:ee:ee:ee  txqueuelen 0  (Ethernet)
        RX packets 1269  bytes 119833 (119.8 KB)
        RX errors 0  dropped 2  overruns 0  frame 0
        TX packets 1333  bytes 136405 (136.4 KB)
        TX errors 0  dropped 0 overruns 0  carrier 0  collisions 0

eno1: flags=4163<UP,BROADCAST,RUNNING,MULTICAST>  mtu 1500
        inet 10.52.3.31  netmask 255.255.252.0  broadcast 10.52.3.255
        inet6 fe80::266e:96ff:fe62:90b6  prefixlen 64  scopeid 0x20<link>
        ether 24:6e:96:62:90:b6  txqueuelen 1000  (Ethernet)
        RX packets 402736  bytes 585099641 (585.0 MB)
        RX errors 0  dropped 0  overruns 0  frame 0
        TX packets 27223  bytes 2199601 (2.1 MB)
        TX errors 0  dropped 0 overruns 0  carrier 0  collisions 0

eno2: flags=4099<UP,BROADCAST,MULTICAST>  mtu 1500
        ether 24:6e:96:62:90:b8  txqueuelen 1000  (Ethernet)
        RX packets 0  bytes 0 (0.0 B)
        RX errors 0  dropped 0  overruns 0  frame 0
        TX packets 0  bytes 0 (0.0 B)
        TX errors 0  dropped 0 overruns 0  carrier 0  collisions 0

eno3: flags=4099<UP,BROADCAST,MULTICAST>  mtu 1500
        ether 24:6e:96:62:90:d6  txqueuelen 1000  (Ethernet)
        RX packets 0  bytes 0 (0.0 B)
        RX errors 0  dropped 0  overruns 0  frame 0
        TX packets 0  bytes 0 (0.0 B)
        TX errors 0  dropped 0 overruns 0  carrier 0  collisions 0
        device memory 0x92a00000-92afffff

eno4: flags=4099<UP,BROADCAST,MULTICAST>  mtu 1500
        ether 24:6e:96:62:90:d7  txqueuelen 1000  (Ethernet)
        RX packets 0  bytes 0 (0.0 B)
        RX errors 0  dropped 0  overruns 0  frame 0
        TX packets 0  bytes 0 (0.0 B)
        TX errors 0  dropped 0 overruns 0  carrier 0  collisions 0
        device memory 0x92900000-929fffff

lo: flags=73<UP,LOOPBACK,RUNNING>  mtu 65536
        inet 127.0.0.1  netmask 255.0.0.0
        inet6 ::1  prefixlen 128  scopeid 0x10<host>
        loop  txqueuelen 1000  (Local Loopback)
        RX packets 229014  bytes 49584128 (49.5 MB)
        RX errors 0  dropped 0  overruns 0  frame 0
        TX packets 229014  bytes 49584128 (49.5 MB)
        TX errors 0  dropped 0 overruns 0  carrier 0  collisions 0

tunl0: flags=193<UP,RUNNING,NOARP>  mtu 1480
        inet 192.168.75.64  netmask 255.255.255.255
        tunnel   txqueuelen 1000  (IPIP Tunnel)
        RX packets 0  bytes 0 (0.0 B)
        RX errors 0  dropped 0  overruns 0  frame 0
        TX packets 0  bytes 0 (0.0 B)
        TX errors 0  dropped 0 overruns 0  carrier 0  collisions 0

root@sb-vb:~# kubectl get nodes

NAME          STATUS   ROLES           AGE    VERSION
sb-vb         Ready    control-plane   44m    v1.28.2
sb-vb-slave   Ready    <none>          108s   v1.28.2
root@sb-vb:~#
root@sb-vb:~#
